I'm sorry, but errors were detected in your script. Please correct the
errors listed below, and try again.


File "game/calendar.rpy", line 260: invalid syntax
                self.dates_diff = abs{cnt1) + abs(cnt2)
                                      ^
    

Ren'Py Version: Ren'Py 6.99.12.2.2029
